
=== Building the HID helper ===
   compiler=javac dexer=d8

» Compile
   what/why: Compiled against small hand-written android.* stubs, so no android.jar download is needed. The real framework classes win at runtime (parent-first class loading).
   PASS classes built

» Dex
   what/why: Only dev/btkbd classes go into the dex; the stubs are passed as classpath so they never shadow the real framework.
   PASS 24608 bytes

» Package + install
   what/why: app_process loads a jar containing classes.dex from CLASSPATH.
   PASS installed /data/local/tmp/btkbd/btkbd.jar
   PROBE uid=2000
   PROBE BluetoothHidDevice=yes
   PROBE BluetoothHidDeviceAppSdpSettings=yes
   PROBE BluetoothHidDeviceAppQosSettings=yes
   PROBE BluetoothAdapter=yes
   SELINUX u:r:su:s0
   SM bluetooth_manager binder=true
   SM bluetooth binder=false
   SM services matching bluetooth: android.hardware.bluetooth.audio.IBluetoothAudioProviderFactory/default bluetooth_manager
   INIT BluetoothServiceManager installed
   ADAPTER route1 threw java.lang.NullPointerException: Attempt to read from field 'android.os.MessageQueue android.os.Looper.mQueue' on a null object reference in method 'void android.os.Handler.<init>(android.os.Looper, android.os.Handler$Callback, boolean, boolean)'
   ADAPTER route3 bluetooth_manager binder=true
   ADAPTER route3a createAdapter unavailable: java.lang.NoSuchMethodException: android.bluetooth.BluetoothAdapter.createAdapter [class android.content.AttributionSource]
   ADAPTER route3b constructor failed: java.lang.NoSuchMethodException: android.bluetooth.BluetoothAdapter.<init> [interface android.bluetooth.IBluetoothManager, class android.content.AttributionSource]
   PROBE adapter=no enabled=false
   API ctor private android.bluetooth.BluetoothAdapter(android.bluetooth.IBluetoothManager,android.content.Context)
   API ctor private android.bluetooth.BluetoothAdapter(android.bluetooth.IBluetoothManager,android.content.Context,android.content.AttributionSource)
   API method public static android.bluetooth.BluetoothAdapter android.bluetooth.BluetoothAdapter.createAdapter(android.content.Context)
   API method public android.bluetooth.IBluetoothManager android.bluetooth.BluetoothAdapter.getBluetoothManager()
   API method public static synchronized android.bluetooth.BluetoothAdapter android.bluetooth.BluetoothAdapter.getDefaultAdapter()
   API init public static android.os.BluetoothServiceManager android.bluetooth.BluetoothFrameworkInitializer.getBluetoothServiceManager()
   API init public static void android.bluetooth.BluetoothFrameworkInitializer.initializeBinderCallsStats(android.content.Context)
   API init static android.bluetooth.BluetoothManager android.bluetooth.BluetoothFrameworkInitializer.lambda$registerServiceWrappers$0(android.content.Context)
   API init public static void android.bluetooth.BluetoothFrameworkInitializer.registerServiceWrappers()
   API init public static void android.bluetooth.BluetoothFrameworkInitializer.setBinderCallsStatsInitializer(java.util.function.Consumer)
   API init public static void android.bluetooth.BluetoothFrameworkInitializer.setBluetoothServiceManager(android.os.BluetoothServiceManager)
   API bsm ctor public android.os.BluetoothServiceManager()
   API bsm method getBluetoothManagerServiceRegisterer
   PROBE hidDeviceSupported=error java.lang.NullPointerException: null receiver
